2026-01-20 11:51:35,332 - pipeline - INFO - Starting analysis pipeline...
2026-01-20 11:51:35,333 - pipeline - ERROR - No analysis directories configured in config.yaml
